C:/Users/trung/UCLA/VScode/iotwebserver/Projects/B-U585I-IOT02A/Demonstrations/IOT_HTTP_WebServer/WebServer/Target/net_interface.c:33:17:sys_now	8	static
C:/Users/trung/UCLA/VScode/iotwebserver/Projects/B-U585I-IOT02A/Demonstrations/IOT_HTTP_WebServer/WebServer/Target/net_interface.c:38:6:NetWifiGetDefaultStation	104	static
C:/Users/trung/UCLA/VScode/iotwebserver/Projects/B-U585I-IOT02A/Demonstrations/IOT_HTTP_WebServer/WebServer/Target/net_interface.c:72:9:scan_cmd	104	static
C:/Users/trung/UCLA/VScode/iotwebserver/Projects/B-U585I-IOT02A/Demonstrations/IOT_HTTP_WebServer/WebServer/Target/net_interface.c:103:18:NetInterfaceOn	32	static
C:/Users/trung/UCLA/VScode/iotwebserver/Projects/B-U585I-IOT02A/Demonstrations/IOT_HTTP_WebServer/WebServer/Target/net_interface.c:142:6:NetInterfaceOff	24	static
C:/Users/trung/UCLA/VScode/iotwebserver/Projects/B-U585I-IOT02A/Demonstrations/IOT_HTTP_WebServer/WebServer/Target/net_interface.c:167:6:NetInterfaceConnect	48	static
C:/Users/trung/UCLA/VScode/iotwebserver/Projects/B-U585I-IOT02A/Demonstrations/IOT_HTTP_WebServer/WebServer/Target/net_interface.c:234:6:NetInterfaceDisconnect	24	static
